A3ALANCR OS/2 LAN Command Reference
A3ALANOR OS/2 LAN Online Reference
CICSCFG  CICS OS/2 Communication
CMDREF   Command Reference
CMMOUSE  CM Mouse
DDE3WF   IBM Work Frame/2(*) Online Reference
DDE3WREF IBM Work Frame/2(TM) Online Reference
DDE4BCL  C++ IBM Basic Class Library Reference
DDE4CCL  C++ Collection Classes
DDE4CLIB C++ IBM C/C++ for OS/2 Library Reference
DDE4CLRM C++ C Set/2 Language Reference
DDE4CPP  EXCLUDE
DDE4HELP IBM C Set/2 Online Reference
DDE4UIL  C++ IBM Class Library: User Interface
DMAN     Desktop Manager for OS/2 2.x
ESCMDREF IBM Extended Services for OS/2
EXMP     EXCLUDE
GG243731 IBM Redbook 2-DOS and Windows Enviornment
GG243732 IBM Redbook 3-Presentation Manager and Workplace Shell
GG243774 IBM Redbook 4-Application Development
GUIREF20 OS/2 Control Program Reference
IPF      IPF Sample
IPFC20   IPF - Information Presentation Facility
IPFCEXMP EXCLUDE
OS2PUBS  OS/2 Publications
OS2SHARE OS/2 Shareware BBS File Listing
OS2TECH  OS/2 A Technical Guide to OS/2
OS2TECH0 EXCLUDE
OS2TECHG A Technical Guide to OS/2
OS2TIPS  OS/2 Tips and Techniques
PMFUN    Presentation Manager Reference
PMGPI    PM GPI Functions
PMMSG    PM Message Processing
PMREL    Profile functions to query user specific .INI
PMSEEK   PMSeek Help
PMWIN    PM Prf, Spl, Win and Wp Functions
PMWKP    Workplace classes, instance and class methods
RESUMEL0 EXCLUDE
RESUMELF EXCLUDE
REXX     REXX Information
REXXAPI  REXX Program Reference
REXXUTIL REXXUTIL Extra Functions
ROISTUB  EXCLUDE
SD386    SD386 Debugger User's Guide
SD86     SD86 Debugger User's Guide
SOM      System Object Model (SOM) Reference
THESEUS2 Using Theseus2(TM)
TOOLINFO OS/2 Programming Tools Reference
USER     OS/2 User Information
V2TECH   OS/2 2.0 Technical Support Document
