<WP_DESKTOP>
<WP_NOWHERE>
<WP_OS2SYS>
<WP_INFO>
<WP_CONFIG>
<WP_PROMPTS>
<WP_TOOLS>
<WP_VIEWINF>
<WP_TEMPS>
<256Color_Template>
<16Color_Template>
<WP_VIEWER>
<WP_SHRED>
<WP_MINDEX>
<WP_NETWORK>
<WP_GLOSS>
<WP_RDME>
<WP_DRIVES>
<WP_START>
<WP_CLOCK>
<WP_KEYB>
<WP_INST>
<WP_MOUSE>
<WP_DDINST>
<WP_SYSTEM>
<WP_CNTRY>
<WP_SPOOL>
<WP_OS2FS>
<WP_OS2WIN>
<WP_SYSED>
<WP_MIGAPP>
<WP_UNINST>
<WP_SOUND>
<WP_FNTPAL>
<WP_HIRESCLRPAL>
<WP_LORESCLRPAL>
<WP_SCHPAL28>
<WP_TUTOR>
<WP_CMDREF>
<WP_REXREF>
<WP_MULTIMBK>
<WP_PRINTBK>
<WP_PERFBK>
<WP_APPLBK>
<WP_WINOS2BK>
<WP_TRADEMBK>
<WP_POWER>
<WP_WINCFG>
<WP_DOSFS>
<WP_DOSWIN>
<WP_WINFS>
<WP_WIN2WIN>
<WP_DOS_DRV_A>
<WP_DBOOT>
<WP_EPM>
<WP_SEEK>
<WP_ICON>
<WP_PULSE>
<WP_CLIPV>
<WP_PICV>
<WP_BOOT>
<LS_FOLDER>
<LS_START>
<LS_README_SHADOW>
<LS_ERRORS_SHADOW>
<LS_INSTALL>
<LS_CLIP>
<UPM_FOLDER>
<UPM_LOGON>
<LOGON_SHADOW>
<UPM_LOGOFF>
<LOGOFF_SHADOW>
<UPM_ACCTS>
<WP_FFST2>
<WP_EPW_OFF>
<WP_EPW_ON>
<WP_EPWCONS>
<WP_SYSLOG>
<WP_EPWDF>
<WP_EPWMSGF>
<LS_ADMIN>
<LS_ADMIN_SHADOW>
<LS_AUDIT>
<LS_ERROR>
<CM2_FOLDER>
<CM2_README>
<CM2_OVERVIEW>
<CM2_CMDREF>
<CM2_MSGREF>
<CM2_SETUP>
<CM2_REPLACE>
<CM2_KEYLOCK>
<CM2_START>
<CM2_SESSMGMT>
<CM2_SSM>
<CM2_STOP>
<CM2_STOP_ABNORMAL>
<CM2_TRACE>
<CM2_DUMP>
<CM2_WHATSNEW>
<WP_LAUNCHPAD>
