#Begin_List#
irc.spyder.org
*.sdsc.edu
*.uci.edu
irc.caltech.edu
irc.io.org
*.columbia.edu
irc.bridge.net
*.rutgers.edu
*.calpoly.edu
*.aol.com
eff.org
*.jp
irc.ucdavis.edu
*.portal.com
seltzer.csua.berkeley.edu
*.stanford.edu
*.uch.gr
uni-stuttgart.de
uni-karlsruhe.de
noc.belwue.de
TU-Muenchen.DE
Uni-Rostock.DE
rwth-aachen.de
fu-berlin.de
Uni-Erlangen.DE
Uni-KL.DE
Uni-Paderborn.DE
irc.ru
*.enst.fr
dismayl.demon.co.uk
*.xs4all.nl
irc.cis.vutbr.cz
irc.felk.cvut.cz
serv.cs.man.ac.uk
serv.eng.abdn.ac.uk
irc.sci.kun.nl
*.hu
irc.nijenrode.nl
Eurecom8.Cica.FR
*.Univ-Lyon1.FR
*.Enserb.U-Bordeaux.Fr
sil.polytechnique.fr
*.si
*.it
chat.btinternet.com
ircd.bt.net
irc.agh.edu.pl
irc.put.poznan.pl
irc.lublin.pl
irc.mimuw.edu.pl
*.ic.ac.uk
*.no
irc.span.ch
irc.isnet.is
uni-linz.ac.at
itc.univie.ac.at
*.wu-wien.ac.at
*.se
sunsite.auc.dk
*.fi
red-dwarf.cit.cornell.edu
*.acsu.buffalo.edu
anarchy.tamu.edu
irc2.ais.net
irc.cs.rpi.edu
sifon.cc.mcgill.ca
*.epix.net
irc.polymtl.ca
services.ca
irc.neosoft.com
irc.gate.net
irc.ais.net
irc.law.emory.edu
irc.primenet.com
irc.phoenix.net
irc.netcom.com
irc.best.com
irc.best.net
irc.voicenet.com
piglet.cc.utexas.edu
irc.colorado.edu
services.us
irc.umn.edu
irc.mcs.net
irc.catt.ncsu.edu
irc-2.texas.net
irc.ionet.net
luna.gate.net
irc.blackened.com
*.eskimo.com
irc.texas.net
irc.cdc.net
irc.uiuc.edu
irc.ilstu.edu
portal.mbnet.mb.ca
*.umich.edu
*.wpi.edu
irc.cris.com
irc.yorku.ca
elk.nstn.ca
irc.cs.mun.ca
irc.magic.mb.ca
irc.winternet.com
irc.mo.net
coanwood.ncl.ac.uk
irc.pitt.edu
*.abdn.ac.uk
irc.wu-wien.ac.at
*.be
azure.acsu.buffalo.edu
joyce.eng.yale.edu
irc.digex.net
irc.ecn.uoknor.edu
organ.ctr.columbia.edu
irc-2.mit.edu
irc.cnde.iastate.edu
*.tw
*.berkeley.edu
*.cerf.net
irc.ecn.bgu.edu
irc2.uiuc.edu
*.ac.il
*.bu.edu
