www.netlabs.org:/netlabs.cvs/4os2                          
www.netlabs.org:/netlabs.cvs/adc                           
www.netlabs.org:/netlabs.cvs/air-boot                      
www.netlabs.org:/netlabs.cvs/bt32                          
www.netlabs.org:/netlabs.cvs/candybarz                     
www.netlabs.org:/netlabs.cvs/cvs                           
www.netlabs.org:/netlabs.cvs/cybrain                       
www.netlabs.org:/netlabs.cvs/ddk2                          
www.netlabs.org:/netlabs.cvs/discipulus                    
www.netlabs.org:/netlabs.cvs/dwindows                      
www.netlabs.org:/netlabs.cvs/eclipse                       
www.netlabs.org:/netlabs.cvs/eclipseos2                    
www.netlabs.org:/netlabs.cvs/ecs                           
www.netlabs.org:/netlabs.cvs/elfldr                        
www.netlabs.org:/netlabs.cvs/everblue                      
www.netlabs.org:/netlabs.cvs/ext2fs                        
www.netlabs.org:/netlabs.cvs/fat32                         
www.netlabs.org:/netlabs.cvs/firewire                      
www.netlabs.org:/netlabs.cvs/handyftp                      
www.netlabs.org:/netlabs.cvs/infdecode                     
www.netlabs.org:/netlabs.cvs/install                       
www.netlabs.org:/netlabs.cvs/irman                         
www.netlabs.org:/netlabs.cvs/isdnpm                        
www.netlabs.org:/netlabs.cvs/jimihelp                      
www.netlabs.org:/netlabs.cvs/kbootmanager                  
www.netlabs.org:/netlabs.cvs/kbuild                        
www.netlabs.org:/netlabs.cvs/kdrive                        
www.netlabs.org:/netlabs.cvs/krypto                        
www.netlabs.org:/netlabs.cvs/ktaskmanager                  
www.netlabs.org:/netlabs.cvs/lookout                       
www.netlabs.org:/netlabs.cvs/lxapi32                       
www.netlabs.org:/netlabs.cvs/make                          
www.netlabs.org:/netlabs.cvs/moma                          
www.netlabs.org:/netlabs.cvs/multidesk                     
www.netlabs.org:/netlabs.cvs/multimedia                    
www.netlabs.org:/netlabs.cvs/nepmd                         
www.netlabs.org:/netlabs.cvs/nesuto                        
www.netlabs.org:/netlabs.cvs/netlabs                       
www.netlabs.org:/netlabs.cvs/newview                       
www.netlabs.org:/netlabs.cvs/nuto                          
www.netlabs.org:/netlabs.cvs/nvt                           
www.netlabs.org:/netlabs.cvs/odin32                        
www.netlabs.org:/netlabs.cvs/openjfs                       
www.netlabs.org:/netlabs.cvs/os2tools                      
www.netlabs.org:/netlabs.cvs/osfree                        
www.netlabs.org:/netlabs.cvs/php                           
www.netlabs.org:/netlabs.cvs/pmpdf                         
www.netlabs.org:/netlabs.cvs/pthread                       
www.netlabs.org:/netlabs.cvs/samba                         
www.netlabs.org:/netlabs.cvs/sbliveos2                     
www.netlabs.org:/netlabs.cvs/sibyl                         
www.netlabs.org:/netlabs.cvs/skeleton                      
www.netlabs.org:/netlabs.cvs/stockexchange                 
www.netlabs.org:/netlabs.cvs/synopsys                      
www.netlabs.org:/netlabs.cvs/sysinfo                       
www.netlabs.org:/netlabs.cvs/system-utils                  
www.netlabs.org:/netlabs.cvs/tks6                          
www.netlabs.org:/netlabs.cvs/tvshow2                       
www.netlabs.org:/netlabs.cvs/uniaud                        
www.netlabs.org:/netlabs.cvs/usb                           
www.netlabs.org:/netlabs.cvs/vdd                           
www.netlabs.org:/netlabs.cvs/warpdriver                    
www.netlabs.org:/netlabs.cvs/warpin                        
www.netlabs.org:/netlabs.cvs/warpvision                    
www.netlabs.org:/netlabs.cvs/wpddlib                       
www.netlabs.org:/netlabs.cvs/wpstk                         
www.netlabs.org:/netlabs.cvs/xp2                           
www.netlabs.org:/netlabs.cvs/xworkplace                    
www.netlabs.org:/netlabs.cvs/xwphelpers                    
www.netlabs.org:/netlabs.cvs/xwpwidgets                    
localhost:/temp/cvs/netlabs.cvs/cvstest                          
